#
# There is insufficient memory for the Java Runtime Environment to continue.
# Native memory allocation (malloc) failed to allocate 2246656 bytes for Chunk::new
# Possible reasons:
#   The system is out of physical RAM or swap space
#   The process is running with CompressedOops enabled, and the Java Heap may be blocking the growth of the native heap
# Possible solutions:
#   Reduce memory load on the system
#   Increase physical memory or swap space
#   Check if swap backing store is full
#   Decrease Java heap size (-Xmx/-Xms)
#   Decrease number of Java threads
#   Decrease Java thread stack sizes (-Xss)
#   Set larger code cache with -XX:ReservedCodeCacheSize=
#   JVM is running with Unscaled Compressed Oops mode in which the Java heap is
#     placed in the first 4GB address space. The Java Heap base address is the
#     maximum limit for the native heap growth. Please use -XX:HeapBaseMinAddress
#     to set the Java Heap base and to place the Java Heap above 4GB virtual address.
# This output file may be truncated or incomplete.
#
#  Out of Memory Error (arena.cpp:168), pid=9048, tid=35340
#
# JRE version: OpenJDK Runtime Environment (21.0.2+13) (build 21.0.2+13-58)
# Java VM: OpenJDK 64-Bit Server VM (21.0.2+13-58, mixed mode, sharing, tiered, compressed oops, compressed class ptrs, g1 gc, windows-amd64)
# No core dump will be written. Minidumps are not enabled by default on client versions of Windows
#

---------------  S U M M A R Y ------------

Command Line: -Dmaven.multiModuleProjectDirectory=C:\Users\Kavya\Downloads\CI-CD\CI-CD -Djansi.passthrough=true -Dmaven.home=C:\Program Files\JetBrains\IntelliJ IDEA Community Edition 2023.2.2\plugins\maven\lib\maven3 -Dclassworlds.conf=C:\Program Files\JetBrains\IntelliJ IDEA Community Edition 2023.2.2\plugins\maven\lib\maven3\bin\m2.conf -Dmaven.ext.class.path=C:\Program Files\JetBrains\IntelliJ IDEA Community Edition 2023.2.2\plugins\maven\lib\maven-event-listener.jar -javaagent:C:\Program Files\JetBrains\IntelliJ IDEA Community Edition 2023.2.2\lib\idea_rt.jar=54094:C:\Program Files\JetBrains\IntelliJ IDEA Community Edition 2023.2.2\bin -Dfile.encoding=UTF-8 -Dsun.stdout.encoding=UTF-8 -Dsun.stderr.encoding=UTF-8 org.codehaus.classworlds.Launcher -Didea.version=2023.2.2 package

Host: 11th Gen Intel(R) Core(TM) i5-1135G7 @ 2.40GHz, 8 cores, 7G,  Windows 11 , 64 bit Build 26100 (10.0.26100.9168)
Time: Fri Sep  4 20:12:40 2026 India Standard Time elapsed time: 6.517662 seconds (0d 0h 0m 6s)

---------------  T H R E A D  ---------------

Current thread (0x000001fde895ced0):  JavaThread "C2 CompilerThread0" daemon [_thread_in_native, id=35340, stack(0x0000007993b00000,0x0000007993c00000) (1024K)]


Current CompileTask:
C2:   6517 6375   !   4       java.lang.ClassLoader::loadClass (121 bytes)

Stack: [0x0000007993b00000,0x0000007993c00000]
Native frames: (J=compiled Java code, j=interpreted, Vv=VM code, C=native code)
V  [jvm.dll+0x6cade9]
V  [jvm.dll+0x8569c1]
V  [jvm.dll+0x858d2e]
V  [jvm.dll+0x859413]
V  [jvm.dll+0x280e56]
V  [jvm.dll+0xc3f3d]
V  [jvm.dll+0xc4473]
V  [jvm.dll+0x3b5c2c]
V  [jvm.dll+0x1e2209]
V  [jvm.dll+0x249d22]
V  [jvm.dll+0x2491b1]
V  [jvm.dll+0x1c9634]
V  [jvm.dll+0x258859]
V  [jvm.dll+0x256e3a]
V  [jvm.dll+0x3ef6c6]
V  [jvm.dll+0x7ff568]
V  [jvm.dll+0x6c953d]
C  [ucrtbase.dll+0x2cd30]
C  [KERNEL32.DLL+0x2ccb7]
C  [ntdll.dll+0xaad6c]


---------------  P R O C E S S  ---------------

Threads class SMR info:
_java_thread_list=0x000001fdef044710, length=19, elements={
0x000001fdc9ef6440, 0x000001fde8935de0, 0x000001fde8937560, 0x000001fde893b1b0,
0x000001fde8940a70, 0x000001fde89403e0, 0x000001fde893f6c0, 0x000001fde895ced0,
0x000001fde895d580, 0x000001fde893fd50, 0x000001fde893dc80, 0x000001fde893f030,
0x000001fdeec7c770, 0x000001fde8941100, 0x000001fde893e9a0, 0x000001fde893e310,
0x000001fdee14a670, 0x000001fdee149fe0, 0x000001fdee14ad00
}

Java Threads: ( => current thread )
  0x000001fdc9ef6440 JavaThread "main"                              [_thread_in_native, id=33532, stack(0x0000007992d00000,0x0000007992e00000) (1024K)]
  0x000001fde8935de0 JavaThread "Reference Handler"          daemon [_thread_blocked, id=36124, stack(0x0000007993500000,0x0000007993600000) (1024K)]
  0x000001fde8937560 JavaThread "Finalizer"                  daemon [_thread_blocked, id=10916, stack(0x0000007993600000,0x0000007993700000) (1024K)]
  0x000001fde893b1b0 JavaThread "Signal Dispatcher"          daemon [_thread_blocked, id=28516, stack(0x0000007993700000,0x0000007993800000) (1024K)]
  0x000001fde8940a70 JavaThread "Attach Listener"            daemon [_thread_blocked, id=33396, stack(0x0000007993800000,0x0000007993900000) (1024K)]
  0x000001fde89403e0 JavaThread "Service Thread"             daemon [_thread_blocked, id=24852, stack(0x0000007993900000,0x0000007993a00000) (1024K)]
  0x000001fde893f6c0 JavaThread "Monitor Deflation Thread"   daemon [_thread_blocked, id=28420, stack(0x0000007993a00000,0x0000007993b00000) (1024K)]
=>0x000001fde895ced0 JavaThread "C2 CompilerThread0"         daemon [_thread_in_native, id=35340, stack(0x0000007993b00000,0x0000007993c00000) (1024K)]
  0x000001fde895d580 JavaThread "C1 CompilerThread0"         daemon [_thread_blocked, id=28720, stack(0x0000007993c00000,0x0000007993d00000) (1024K)]
  0x000001fde893fd50 JavaThread "Common-Cleaner"             daemon [_thread_blocked, id=32000, stack(0x0000007993d00000,0x0000007993e00000) (1024K)]
  0x000001fde893dc80 JavaThread "Monitor Ctrl-Break"         daemon [_thread_in_native, id=36224, stack(0x0000007993e00000,0x0000007993f00000) (1024K)]
  0x000001fde893f030 JavaThread "Notification Thread"        daemon [_thread_blocked, id=32784, stack(0x0000007993f00000,0x0000007994000000) (1024K)]
  0x000001fdeec7c770 JavaThread "C2 CompilerThread1"         daemon [_thread_in_native, id=19436, stack(0x0000007994800000,0x0000007994900000) (1024K)]
  0x000001fde8941100 JavaThread "timeout-check-timer"        daemon [_thread_blocked, id=35712, stack(0x0000007994900000,0x0000007994a00000) (1024K)]
  0x000001fde893e9a0 JavaThread "ping-timer-10s"             daemon [_thread_blocked, id=30400, stack(0x0000007994a00000,0x0000007994b00000) (1024K)]
  0x000001fde893e310 JavaThread "ThreadedStreamConsumer"     daemon [_thread_blocked, id=9564, stack(0x0000007994b00000,0x0000007994c00000) (1024K)]
  0x000001fdee14a670 JavaThread "fork-1-err-thread"          daemon [_thread_in_native, id=11036, stack(0x0000007994c00000,0x0000007994d00000) (1024K)]
  0x000001fdee149fe0 JavaThread "commands-fork-1"            daemon [_thread_blocked, id=33388, stack(0x0000007994d00000,0x0000007994e00000) (1024K)]
  0x000001fdee14ad00 JavaThread "fork-1-event-thread"        daemon [_thread_in_native, id=25128, stack(0x0000007994e00000,0x0000007994f00000) (1024K)]
Total: 19

Other Threads:
  0x000001fde8913740 VMThread "VM Thread"                           [id=30652, stack(0x0000007993400000,0x0000007993500000) (1024K)]
  0x000001fde88fdb80 WatcherThread "VM Periodic Task Thread"        [id=17276, stack(0x0000007993300000,0x0000007993400000) (1024K)]
  0x000001fdcc102890 WorkerThread "GC Thread#0"                     [id=11376, stack(0x0000007992e00000,0x0000007992f00000) (1024K)]
  0x000001fded8fabf0 WorkerThread "GC Thread#1"                     [id=34616, stack(0x0000007994100000,0x0000007994200000) (1024K)]
  0x000001fdedbae380 WorkerThread "GC Thread#2"                     [id=12884, stack(0x0000007994200000,0x0000007994300000) (1024K)]
  0x000001fdedbae720 WorkerThread "GC Thread#3"                     [id=35988, stack(0x0000007994300000,0x0000007994400000) (1024K)]
  0x000001fdedbaeac0 WorkerThread "GC Thread#4"                     [id=27572, stack(0x0000007994400000,0x0000007994500000) (1024K)]
  0x000001fdedbf1440 WorkerThread "GC Thread#5"                     [id=7772, stack(0x0000007994500000,0x0000007994600000) (1024K)]
  0x000001fdedbf17e0 WorkerThread "GC Thread#6"                     [id=29596, stack(0x0000007994600000,0x0000007994700000) (1024K)]
  0x000001fdedbf7ba0 WorkerThread "GC Thread#7"                     [id=35648, stack(0x0000007994700000,0x0000007994800000) (1024K)]
  0x000001fdc9fbdda0 ConcurrentGCThread "G1 Main Marker"            [id=27724, stack(0x0000007992f00000,0x0000007993000000) (1024K)]
  0x000001fdc9fbe6b0 WorkerThread "G1 Conc#0"                       [id=36640, stack(0x0000007993000000,0x0000007993100000) (1024K)]
  0x000001fded86e630 WorkerThread "G1 Conc#1"                       [id=35740, stack(0x0000007994000000,0x0000007994100000) (1024K)]
  0x000001fde87d1c00 ConcurrentGCThread "G1 Refine#0"               [id=4664, stack(0x0000007993100000,0x0000007993200000) (1024K)]
  0x000001fde87d2420 ConcurrentGCThread "G1 Service"                [id=31864, stack(0x0000007993200000,0x0000007993300000) (1024K)]
Total: 15

Threads with active compile tasks:
C2 CompilerThread0     6549 6375   !   4       java.lang.ClassLoader::loadClass (121 bytes)
C2 CompilerThread1     6549 6378   !   4       org.codehaus.plexus.classworlds.realm.ClassRealm::loadClass (33 bytes)
Total: 2

VM state: not at safepoint (normal execution)

VM Mutex/Monitor currently owned by a thread: None

Heap address: 0x0000000084200000, size: 1982 MB, Compressed Oops mode: 32-bit

CDS archive(s) mapped at: [0x000001fd80000000-0x000001fd80c90000-0x000001fd80c90000), size 13172736, SharedBaseAddress: 0x000001fd80000000, ArchiveRelocationMode: 1.
Compressed class space mapped at: 0x000001fd81000000-0x000001fdc1000000, reserved size: 1073741824
Narrow klass base: 0x000001fd80000000, Narrow klass shift: 0, Narrow klass range: 0x100000000

GC Precious Log:
 CardTable entry size: 512
 Card Set container configuration: InlinePtr #cards 5 size 8 Array Of Cards #cards 12 size 40 Howl #buckets 4 coarsen threshold 1843 Howl Bitmap #cards 512 size 80 coarsen threshold 460 Card regions per heap region 1 cards per card region 2048
 CPUs: 8 total, 8 available
 Memory: 7926M
 Large Page Support: Disabled
 NUMA Support: Disabled
 Compressed Oops: Enabled (32-bit)
 Heap Region Size: 1M
 Heap Min Capacity: 8M
 Heap Initial Capacity: 124M
 Heap Max Capacity: 1982M
 Pre-touch: Disabled
 Parallel Workers: 8
 Concurrent Workers: 2
 Concurrent Refinement Workers: 8
 Periodic GC: Disabled

Heap:
 garbage-first heap   total 107520K, used 79872K [0x0000000084200000, 0x0000000100000000)
  region size 1024K, 54 young (55296K), 10 survivors (10240K)
 Metaspace       used 30685K, committed 31040K, reserved 1114112K
  class space    used 3479K, committed 3648K, reserved 1048576K

Heap Regions: E=young(eden), S=young(survivor), O=old, HS=humongous(starts), HC=humongous(continues), CS=collection set, F=free, TAMS=top-at-mark-start, PB=parsable bottom
|   0|0x0000000084200000, 0x0000000084300000, 0x0000000084300000|100%| O|  |TAMS 0x0000000084200000| PB 0x0000000084200000| Untracked 
|   1|0x0000000084300000, 0x0000000084400000, 0x0000000084400000|100%| O|  |TAMS 0x0000000084300000| PB 0x0000000084300000| Untracked 
|   2|0x0000000084400000, 0x0000000084500000, 0x0000000084500000|100%| O|  |TAMS 0x0000000084400000| PB 0x0000000084400000| Untracked 
|   3|0x0000000084500000, 0x0000000084600000, 0x0000000084600000|100%| O|  |TAMS 0x0000000084500000| PB 0x0000000084500000| Untracked 
|   4|0x0000000084600000, 0x0000000084700000, 0x0000000084700000|100%| O|  |TAMS 0x0000000084600000| PB 0x0000000084600000| Untracked 
|   5|0x0000000084700000, 0x0000000084700000, 0x0000000084800000|  0%| F|  |TAMS 0x0000000084700000| PB 0x0000000084700000| Untracked 
|   6|0x0000000084800000, 0x0000000084800000, 0x0000000084900000|  0%| F|  |TAMS 0x0000000084800000| PB 0x0000000084800000| Untracked 
|   7|0x0000000084900000, 0x0000000084a00000, 0x0000000084a00000|100%|HS|  |TAMS 0x0000000084900000| PB 0x0000000084900000| Complete 
|   8|0x0000000084a00000, 0x0000000084b00000, 0x0000000084b00000|100%|HC|  |TAMS 0x0000000084a00000| PB 0x0000000084a00000| Complete 
|   9|0x0000000084b00000, 0x0000000084c00000, 0x0000000084c00000|100%| O|  |TAMS 0x0000000084b00000| PB 0x0000000084b00000| Untracked 
|  10|0x0000000084c00000, 0x0000000084d00000, 0x0000000084d00000|100%| O|  |TAMS 0x0000000084c00000| PB 0x0000000084c00000| Untracked 
|  11|0x0000000084d00000, 0x0000000084e00000, 0x0000000084e00000|100%| O|  |TAMS 0x0000000084d00000| PB 0x0000000084d00000| Untracked 
|  12|0x0000000084e00000, 0x0000000084f00000, 0x0000000084f00000|100%| O|  |TAMS 0x0000000084e00000| PB 0x0000000084e00000| Untracked 
|  13|0x0000000084f00000, 0x0000000085000000, 0x0000000085000000|100%| O|  |TAMS 0x0000000084f00000| PB 0x0000000084f00000| Untracked 
|  14|0x0000000085000000, 0x0000000085100000, 0x0000000085100000|100%| O|  |TAMS 0x0000000085000000| PB 0x0000000085000000| Untracked 
|  15|0x0000000085100000, 0x0000000085200000, 0x0000000085200000|100%| O|  |TAMS 0x0000000085100000| PB 0x0000000085100000| Untracked 
|  16|0x0000000085200000, 0x0000000085300000, 0x0000000085300000|100%| O|  |TAMS 0x0000000085200000| PB 0x0000000085200000| Untracked 
|  17|0x0000000085300000, 0x0000000085380000, 0x0000000085400000| 50%| O|Cm|TAMS 0x0000000085300000| PB 0x0000000085300000| Complete 
|  18|0x0000000085400000, 0x0000000085500000, 0x0000000085500000|100%|HS|  |TAMS 0x0000000085400000| PB 0x0000000085400000| Complete 
|  19|0x0000000085500000, 0x0000000085600000, 0x0000000085600000|100%|HC|  |TAMS 0x0000000085500000| PB 0x0000000085500000| Complete 
|  20|0x0000000085600000, 0x0000000085600000, 0x0000000085700000|  0%| F|  |TAMS 0x0000000085600000| PB 0x0000000085600000| Untracked 
|  21|0x0000000085700000, 0x0000000085700000, 0x0000000085800000|  0%| F|  |TAMS 0x0000000085700000| PB 0x0000000085700000| Untracked 
|  22|0x0000000085800000, 0x0000000085800000, 0x0000000085900000|  0%| F|  |TAMS 0x0000000085800000| PB 0x0000000085800000| Untracked 
|  23|0x0000000085900000, 0x0000000085900000, 0x0000000085a00000|  0%| F|  |TAMS 0x0000000085900000| PB 0x0000000085900000| Untracked 
|  24|0x0000000085a00000, 0x0000000085a00000, 0x0000000085b00000|  0%| F|  |TAMS 0x0000000085a00000| PB 0x0000000085a00000| Untracked 
|  25|0x0000000085b00000, 0x0000000085b00000, 0x0000000085c00000|  0%| F|  |TAMS 0x0000000085b00000| PB 0x0000000085b00000| Untracked 
|  26|0x0000000085c00000, 0x0000000085c00000, 0x0000000085d00000|  0%| F|  |TAMS 0x0000000085c00000| PB 0x0000000085c00000| Untracked 
|  27|0x0000000085d00000, 0x0000000085d00000, 0x0000000085e00000|  0%| F|  |TAMS 0x0000000085d00000| PB 0x0000000085d00000| Untracked 
|  28|0x0000000085e00000, 0x0000000085e00000, 0x0000000085f00000|  0%| F|  |TAMS 0x0000000085e00000| PB 0x0000000085e00000| Untracked 
|  29|0x0000000085f00000, 0x0000000085f00000, 0x0000000086000000|  0%| F|  |TAMS 0x0000000085f00000| PB 0x0000000085f00000| Untracked 
|  30|0x0000000086000000, 0x0000000086000000, 0x0000000086100000|  0%| F|  |TAMS 0x0000000086000000| PB 0x0000000086000000| Untracked 
|  31|0x0000000086100000, 0x0000000086100000, 0x0000000086200000|  0%| F|  |TAMS 0x0000000086100000| PB 0x0000000086100000| Untracked 
|  32|0x0000000086200000, 0x0000000086200000, 0x0000000086300000|  0%| F|  |TAMS 0x0000000086200000| PB 0x0000000086200000| Untracked 
|  33|0x0000000086300000, 0x0000000086300000, 0x0000000086400000|  0%| F|  |TAMS 0x0000000086300000| PB 0x0000000086300000| Untracked 
|  34|0x0000000086400000, 0x0000000086400000, 0x0000000086500000|  0%| F|  |TAMS 0x0000000086400000| PB 0x0000000086400000| Untracked 
|  35|0x0000000086500000, 0x0000000086500000, 0x0000000086600000|  0%| F|  |TAMS 0x0000000086500000| PB 0x0000000086500000| Untracked 
|  36|0x0000000086600000, 0x0000000086600000, 0x0000000086700000|  0%| F|  |TAMS 0x0000000086600000| PB 0x0000000086600000| Untracked 
|  37|0x0000000086700000, 0x0000000086700000, 0x0000000086800000|  0%| F|  |TAMS 0x0000000086700000| PB 0x0000000086700000| Untracked 
|  38|0x0000000086800000, 0x0000000086800000, 0x0000000086900000|  0%| F|  |TAMS 0x0000000086800000| PB 0x0000000086800000| Untracked 
|  39|0x0000000086900000, 0x0000000086900000, 0x0000000086a00000|  0%| F|  |TAMS 0x0000000086900000| PB 0x0000000086900000| Untracked 
|  40|0x0000000086a00000, 0x0000000086a00000, 0x0000000086b00000|  0%| F|  |TAMS 0x0000000086a00000| PB 0x0000000086a00000| Untracked 
|  41|0x0000000086b00000, 0x0000000086b00000, 0x0000000086c00000|  0%| F|  |TAMS 0x0000000086b00000| PB 0x0000000086b00000| Untracked 
|  42|0x0000000086c00000, 0x0000000086c00000, 0x0000000086d00000|  0%| F|  |TAMS 0x0000000086c00000| PB 0x0000000086c00000| Untracked 
|  43|0x0000000086d00000, 0x0000000086dc0b18, 0x0000000086e00000| 75%| E|  |TAMS 0x0000000086d00000| PB 0x0000000086d00000| Complete 
|  44|0x0000000086e00000, 0x0000000086f00000, 0x0000000086f00000|100%| E|CS|TAMS 0x0000000086e00000| PB 0x0000000086e00000| Complete 
|  45|0x0000000086f00000, 0x0000000087000000, 0x0000000087000000|100%| E|CS|TAMS 0x0000000086f00000| PB 0x0000000086f00000| Complete 
|  46|0x0000000087000000, 0x0000000087100000, 0x0000000087100000|100%| E|CS|TAMS 0x0000000087000000| PB 0x0000000087000000| Complete 
|  47|0x0000000087100000, 0x0000000087200000, 0x0000000087200000|100%| E|CS|TAMS 0x0000000087100000| PB 0x0000000087100000| Complete 
|  48|0x0000000087200000, 0x0000000087300000, 0x0000000087300000|100%| E|CS|TAMS 0x0000000087200000| PB 0x0000000087200000| Complete 
|  49|0x0000000087300000, 0x0000000087400000, 0x0000000087400000|100%| E|CS|TAMS 0x0000000087300000| PB 0x0000000087300000| Complete 
|  50|0x0000000087400000, 0x0000000087500000, 0x0000000087500000|100%| E|CS|TAMS 0x0000000087400000| PB 0x0000000087400000| Complete 
|  51|0x0000000087500000, 0x0000000087600000, 0x0000000087600000|100%| E|CS|TAMS 0x0000000087500000| PB 0x0000000087500000| Complete 
|  52|0x0000000087600000, 0x0000000087700000, 0x0000000087700000|100%| E|CS|TAMS 0x0000000087600000| PB 0x0000000087600000| Complete 
|  53|0x0000000087700000, 0x0000000087800000, 0x0000000087800000|100%| E|CS|TAMS 0x0000000087700000| PB 0x0000000087700000| Complete 
|  54|0x0000000087800000, 0x0000000087900000, 0x0000000087900000|100%| E|CS|TAMS 0x0000000087800000| PB 0x0000000087800000| Complete 
|  55|0x0000000087900000, 0x0000000087a00000, 0x0000000087a00000|100%| E|CS|TAMS 0x0000000087900000| PB 0x0000000087900000| Complete 
|  56|0x0000000087a00000, 0x0000000087b00000, 0x0000000087b00000|100%| E|CS|TAMS 0x0000000087a00000| PB 0x0000000087a00000| Complete 
|  57|0x0000000087b00000, 0x0000000087c00000, 0x0000000087c00000|100%| E|CS|TAMS 0x0000000087b00000| PB 0x0000000087b00000| Complete 
|  58|0x0000000087c00000, 0x0000000087d00000, 0x0000000087d00000|100%| E|CS|TAMS 0x0000000087c00000| PB 0x0000000087c00000| Complete 
|  59|0x0000000087d00000, 0x0000000087e00000, 0x0000000087e00000|100%| E|CS|TAMS 0x0000000087d00000| PB 0x0000000087d00000| Complete 
|  60|0x0000000087e00000, 0x0000000087f00000, 0x0000000087f00000|100%| E|CS|TAMS 0x0000000087e00000| PB 0x0000000087e00000| Complete 
|  61|0x0000000087f00000, 0x0000000088000000, 0x0000000088000000|100%| E|CS|TAMS 0x0000000087f00000| PB 0x0000000087f00000| Complete 
|  62|0x0000000088000000, 0x0000000088100000, 0x0000000088100000|100%| E|CS|TAMS 0x0000000088000000| PB 0x0000000088000000| Complete 
|  63|0x0000000088100000, 0x0000000088200000, 0x0000000088200000|100%| E|CS|TAMS 0x0000000088100000| PB 0x0000000088100000| Complete 
|  64|0x0000000088200000, 0x0000000088300000, 0x0000000088300000|100%| E|CS|TAMS 0x0000000088200000| PB 0x0000000088200000| Complete 
|  65|0x0000000088300000, 0x0000000088400000, 0x0000000088400000|100%| E|CS|TAMS 0x0000000088300000| PB 0x0000000088300000| Complete 
|  66|0x0000000088400000, 0x0000000088500000, 0x0000000088500000|100%| E|CS|TAMS 0x0000000088400000| PB 0x0000000088400000| Complete 
|  67|0x0000000088500000, 0x0000000088600000, 0x0000000088600000|100%| E|CS|TAMS 0x0000000088500000| PB 0x0000000088500000| Complete 
|  68|0x0000000088600000, 0x0000000088700000, 0x0000000088700000|100%| E|CS|TAMS 0x0000000088600000| PB 0x0000000088600000| Complete 
|  69|0x0000000088700000, 0x0000000088800000, 0x0000000088800000|100%| E|CS|TAMS 0x0000000088700000| PB 0x0000000088700000| Complete 
|  70|0x0000000088800000, 0x0000000088900000, 0x0000000088900000|100%| E|CS|TAMS 0x0000000088800000| PB 0x0000000088800000| Complete 
|  71|0x0000000088900000, 0x0000000088a00000, 0x0000000088a00000|100%| E|CS|TAMS 0x0000000088900000| PB 0x0000000088900000| Complete 
|  72|0x0000000088a00000, 0x0000000088b00000, 0x0000000088b00000|100%| E|CS|TAMS 0x0000000088a00000| PB 0x0000000088a00000| Complete 
|  73|0x0000000088b00000, 0x0000000088c00000, 0x0000000088c00000|100%| E|CS|TAMS 0x0000000088b00000| PB 0x0000000088b00000| Complete 
|  74|0x0000000088c00000, 0x0000000088d00000, 0x0000000088d00000|100%| E|CS|TAMS 0x0000000088c00000| PB 0x0000000088c00000| Complete 
|  75|0x0000000088d00000, 0x0000000088e00000, 0x0000000088e00000|100%| E|CS|TAMS 0x0000000088d00000| PB 0x0000000088d00000| Complete 
|  76|0x0000000088e00000, 0x0000000088f00000, 0x0000000088f00000|100%| E|CS|TAMS 0x0000000088e00000| PB 0x0000000088e00000| Complete 
|  77|0x0000000088f00000, 0x0000000089000000, 0x0000000089000000|100%| E|CS|TAMS 0x0000000088f00000| PB 0x0000000088f00000| Complete 
|  78|0x0000000089000000, 0x0000000089100000, 0x0000000089100000|100%| E|CS|TAMS 0x0000000089000000| PB 0x0000000089000000| Complete 
|  79|0x0000000089100000, 0x0000000089200000, 0x0000000089200000|100%| E|CS|TAMS 0x0000000089100000| PB 0x0000000089100000| Complete 
|  80|0x0000000089200000, 0x0000000089300000, 0x0000000089300000|100%| E|CS|TAMS 0x0000000089200000| PB 0x0000000089200000| Complete 
|  81|0x0000000089300000, 0x0000000089400000, 0x0000000089400000|100%| E|CS|TAMS 0x0000000089300000| PB 0x0000000089300000| Complete 
|  82|0x0000000089400000, 0x0000000089500000, 0x0000000089500000|100%| E|CS|TAMS 0x0000000089400000| PB 0x0000000089400000| Complete 
|  83|0x0000000089500000, 0x0000000089600000, 0x0000000089600000|100%| E|CS|TAMS 0x0000000089500000| PB 0x0000000089500000| Complete 
|  84|0x0000000089600000, 0x0000000089700000, 0x0000000089700000|100%| E|CS|TAMS 0x0000000089600000| PB 0x0000000089600000| Complete 
|  85|0x0000000089700000, 0x0000000089800000, 0x0000000089800000|100%| E|CS|TAMS 0x0000000089700000| PB 0x0000000089700000| Complete 
|  86|0x0000000089800000, 0x0000000089900000, 0x0000000089900000|100%| S|CS|TAMS 0x0000000089800000| PB 0x0000000089800000| Complete 
|  87|0x0000000089900000, 0x0000000089a00000, 0x0000000089a00000|100%| S|CS|TAMS 0x0000000089900000| PB 0x0000000089900000| Complete 
|  88|0x0000000089a00000, 0x0000000089b00000, 0x0000000089b00000|100%| S|CS|TAMS 0x0000000089a00000| PB 0x0000000089a00000| Complete 
|  89|0x0000000089b00000, 0x0000000089c00000, 0x0000000089c00000|100%| S|CS|TAMS 0x0000000089b00000| PB 0x0000000089b00000| Complete 
|  90|0x0000000089c00000, 0x0000000089d00000, 0x0000000089d00000|100%| S|CS|TAMS 0x0000000089c00000| PB 0x0000000089c00000| Complete 
|  91|0x0000000089d00000, 0x0000000089e00000, 0x0000000089e00000|100%| S|CS|TAMS 0x0000000089d00000| PB 0x0000000089d00000| Complete 
|  92|0x0000000089e00000, 0x0000000089f00000, 0x0000000089f00000|100%| S|CS|TAMS 0x0000000089e00000| PB 0x0000000089e00000| Complete 
|  93|0x0000000089f00000, 0x000000008a000000, 0x000000008a000000|100%| S|CS|TAMS 0x0000000089f00000| PB 0x0000000089f00000| Complete 
|  94|0x000000008a000000, 0x000000008a100000, 0x000000008a100000|100%| S|CS|TAMS 0x000000008a000000| PB 0x000000008a000000| Complete 
|  95|0x000000008a100000, 0x000000008a200000, 0x000000008a200000|100%| S|CS|TAMS 0x000000008a100000| PB 0x000000008a100000| Complete 
| 123|0x000000008bd00000, 0x000000008be00000, 0x000000008be00000|100%| E|CS|TAMS 0x000000008bd00000| PB 0x000000008bd00000| Complete 
|1974|0x00000000ff800000, 0x00000000ff880000, 0x00000000ff900000| 50%| O|  |TAMS 0x00000000ff800000| PB 0x00000000ff800000| Untracked 
|1975|0x00000000ff900000, 0x00000000ffa00000, 0x00000000ffa00000|100%| O|  |TAMS 0x00000000ff900000| PB 0x00000000ff900000| Untracked 
|1976|0x00000000ffa00000, 0x00000000ffb00000, 0x00000000ffb00000|100%| O|  |TAMS 0x00000000ffa00000| PB 0x00000000ffa00000| Untracked 
|1977|0x00000000ffb00000, 0x00000000ffc00000, 0x00000000ffc00000|100%| O|  |TAMS 0x00000000ffb00000| PB 0x00000000ffb00000| Untracked 
|1978|0x00000000ffc00000, 0x00000000ffd00000, 0x00000000ffd00000|100%| O|  |TAMS 0x00000000ffc00000| PB 0x00000000ffc00000| Untracked 
|1979|0x00000000ffd00000, 0x00000000ffe00000, 0x00000000ffe00000|100%| O|  |TAMS 0x00000000ffd00000| PB 0x00000000ffd00000| Untracked 
|1980|0x00000000ffe00000, 0x00000000fff00000, 0x00000000fff00000|100%| O|  |TAMS 0x00000000ffe00000| PB 0x00000000ffe00000| Untracked 
|1981|0x00000000fff00000, 0x0000000100000000, 0x0000000100000000|100%| O|  |TAMS 0x00000000fff00000| PB 0x00000000fff00000| Untracked 

Card table byte_map: [0x000001fde3c10000,0x000001fde3ff0000] _byte_map_base: 0x000001fde37ef000

Marking Bits: (CMBitMap*) 0x000001fdcc104db0
 Bits: [0x000001fde3ff0000, 0x000001fde5ee8000)

Polling page: 0x000001fdc9ff0000

Metaspace:

Usage:
  Non-class:     26.57 MB used.
      Class:      3.40 MB used.
       Both:     29.97 MB used.

Virtual space:
  Non-class space:       64.00 MB reserved,      26.75 MB ( 42%) committed,  1 nodes.
      Class space:        1.00 GB reserved,       3.56 MB ( <1%) committed,  1 nodes.
             Both:        1.06 GB reserved,      30.31 MB (  3%) committed. 

Chunk freelists:
   Non-Class:  4.34 MB
       Class:  12.44 MB
        Both:  16.78 MB

MaxMetaspaceSize: unlimited
CompressedClassSpaceSize: 1.00 GB
Initial GC threshold: 21.00 MB
Current GC threshold: 35.56 MB
CDS: on
 - commit_granule_bytes: 65536.
 - commit_granule_words: 8192.
 - virtual_space_node_default_size: 8388608.
 - enlarge_chunks_in_place: 1.
 - use_allocation_guard: 0.


Internal statistics:

num_allocs_failed_limit: 3.
num_arena_births: 262.
num_arena_deaths: 0.
num_vsnodes_births: 2.
num_vsnodes_deaths: 0.
num_space_committed: 485.
num_space_uncommitted: 0.
num_chunks_returned_to_freelist: 3.
num_chunks_taken_from_freelist: 1295.
num_chunk_merges: 3.
num_chunk_splits: 936.
num_chunks_enlarged: 750.
num_inconsistent_stats: 0.

CodeHeap 'non-profiled nmethods': size=120000Kb used=3546Kb max_used=3546Kb free=116453Kb
 bounds [0x000001fddbfd0000, 0x000001fddc350000, 0x000001fde3500000]
CodeHeap 'profiled nmethods': size=120000Kb used=13537Kb max_used=13537Kb free=106462Kb
 bounds [0x000001fdd4500000, 0x000001fdd5240000, 0x000001fddba30000]
CodeHeap 'non-nmethods': size=5760Kb used=1668Kb max_used=1724Kb free=4091Kb
 bounds [0x000001fddba30000, 0x000001fddbca0000, 0x000001fddbfd0000]
 total_blobs=6955 nmethods=6379 adapters=480
 compilation: enabled
              stopped_count=0, restarted_count=0
 full_count=0

Compilation events (20 events):
Event: 5.100 Thread 0x000001fdeec7c770 6321       4       java.lang.invoke.MethodType::methodType (69 bytes)
Event: 5.101 Thread 0x000001fde895d580 nmethod 6369 0x000001fdd5234110 code [0x000001fdd52342e0, 0x000001fdd5234608]
Event: 5.101 Thread 0x000001fde895d580 6370       3       java.lang.ProcessEnvironment$CheckedEntry::getKey (13 bytes)
Event: 5.101 Thread 0x000001fde895d580 nmethod 6370 0x000001fdd5234710 code [0x000001fdd52348c0, 0x000001fdd5234b88]
Event: 5.102 Thread 0x000001fde895ced0 nmethod 6368% 0x000001fddc331790 code [0x000001fddc331940, 0x000001fddc331c38]
Event: 5.102 Thread 0x000001fdeec7c770 nmethod 6321 0x000001fddc331e90 code [0x000001fddc332060, 0x000001fddc332268]
Event: 5.127 Thread 0x000001fde895d580 6372       3       java.lang.invoke.InnerClassLambdaMetafactory$ForwardingMethodGenerator::generate (272 bytes)
Event: 5.128 Thread 0x000001fde895d580 nmethod 6372 0x000001fdd5234c90 code [0x000001fdd5235040, 0x000001fdd5236c78]
Event: 5.131 Thread 0x000001fde895d580 6373       1       java.util.logging.Logger::getName (5 bytes)
Event: 5.131 Thread 0x000001fde895d580 nmethod 6373 0x000001fddc332790 code [0x000001fddc332920, 0x000001fddc3329e8]
Event: 5.142 Thread 0x000001fdeec7c770 6374       4       sun.net.www.ParseUtil::encodePath (41 bytes)
Event: 5.143 Thread 0x000001fde895ced0 6375   !   4       java.lang.ClassLoader::loadClass (121 bytes)
Event: 5.146 Thread 0x000001fdeec7c770 nmethod 6374 0x000001fddc332a90 code [0x000001fddc332c40, 0x000001fddc332ef0]
Event: 5.146 Thread 0x000001fdeec7c770 6376       4       java.lang.Throwable::<init> (39 bytes)
Event: 5.151 Thread 0x000001fdeec7c770 nmethod 6376 0x000001fddc333190 code [0x000001fddc333360, 0x000001fddc333bc0]
Event: 5.155 Thread 0x000001fdeec7c770 6377       4       org.codehaus.plexus.classworlds.realm.ClassRealm::loadClass (7 bytes)
Event: 5.156 Thread 0x000001fde895d580 6379       3       java.lang.String::getBytes (44 bytes)
Event: 5.156 Thread 0x000001fde895d580 nmethod 6379 0x000001fdd5237510 code [0x000001fdd52376e0, 0x000001fdd52379e8]
Event: 5.157 Thread 0x000001fde895d580 6380       3       java.lang.AbstractStringBuilder::append (45 bytes)
Event: 5.157 Thread 0x000001fde895d580 nmethod 6380 0x000001fdd5237b10 code [0x000001fdd5237d20, 0x000001fdd5238250]

GC Heap History (10 events):
Event: 0.802 GC heap before
{Heap before GC invocations=0 (full 0):
 garbage-first heap   total 126976K, used 23552K [0x0000000084200000, 0x0000000100000000)
  region size 1024K, 23 young (23552K), 0 survivors (0K)
 Metaspace       used 6110K, committed 6272K, reserved 1114112K
  class space    used 697K, committed 768K, reserved 1048576K
}
Event: 0.809 GC heap after
{Heap after GC invocations=1 (full 0):
 garbage-first heap   total 126976K, used 3912K [0x0000000084200000, 0x0000000100000000)
  region size 1024K, 3 young (3072K), 3 survivors (3072K)
 Metaspace       used 6110K, committed 6272K, reserved 1114112K
  class space    used 697K, committed 768K, reserved 1048576K
}
Event: 1.420 GC heap before
{Heap before GC invocations=1 (full 0):
 garbage-first heap   total 126976K, used 34632K [0x0000000084200000, 0x0000000100000000)
  region size 1024K, 33 young (33792K), 3 survivors (3072K)
 Metaspace       used 10492K, committed 10688K, reserved 1114112K
  class space    used 1227K, committed 1344K, reserved 1048576K
}
Event: 1.429 GC heap after
{Heap after GC invocations=2 (full 0):
 garbage-first heap   total 126976K, used 6325K [0x0000000084200000, 0x0000000100000000)
  region size 1024K, 3 young (3072K), 3 survivors (3072K)
 Metaspace       used 10492K, committed 10688K, reserved 1114112K
  class space    used 1227K, committed 1344K, reserved 1048576K
}
Event: 2.519 GC heap before
{Heap before GC invocations=2 (full 0):
 garbage-first heap   total 126976K, used 79029K [0x0000000084200000, 0x0000000100000000)
  region size 1024K, 74 young (75776K), 3 survivors (3072K)
 Metaspace       used 16524K, committed 16832K, reserved 1114112K
  class space    used 1889K, committed 2048K, reserved 1048576K
}
Event: 2.533 GC heap after
{Heap after GC invocations=3 (full 0):
 garbage-first heap   total 126976K, used 14554K [0x0000000084200000, 0x0000000100000000)
  region size 1024K, 10 young (10240K), 10 survivors (10240K)
 Metaspace       used 16524K, committed 16832K, reserved 1114112K
  class space    used 1889K, committed 2048K, reserved 1048576K
}
Event: 3.551 GC heap before
{Heap before GC invocations=3 (full 0):
 garbage-first heap   total 126976K, used 74970K [0x0000000084200000, 0x0000000100000000)
  region size 1024K, 66 young (67584K), 10 survivors (10240K)
 Metaspace       used 21227K, committed 21504K, reserved 1114112K
  class space    used 2403K, committed 2560K, reserved 1048576K
}
Event: 3.577 GC heap after
{Heap after GC invocations=4 (full 0):
 garbage-first heap   total 126976K, used 25088K [0x0000000084200000, 0x0000000100000000)
  region size 1024K, 7 young (7168K), 7 survivors (7168K)
 Metaspace       used 21227K, committed 21504K, reserved 1114112K
  class space    used 2403K, committed 2560K, reserved 1048576K
}
Event: 4.572 GC heap before
{Heap before GC invocations=5 (full 0):
 garbage-first heap   total 89088K, used 88576K [0x0000000084200000, 0x0000000100000000)
  region size 1024K, 67 young (68608K), 7 survivors (7168K)
 Metaspace       used 27693K, committed 28032K, reserved 1114112K
  class space    used 3163K, committed 3328K, reserved 1048576K
}
Event: 4.588 GC heap after
{Heap after GC invocations=6 (full 0):
 garbage-first heap   total 107520K, used 35840K [0x0000000084200000, 0x0000000100000000)
  region size 1024K, 10 young (10240K), 10 survivors (10240K)
 Metaspace       used 27693K, committed 28032K, reserved 1114112K
  class space    used 3163K, committed 3328K, reserved 1048576K
}

Dll operation events (12 events):
Event: 0.008 Loaded shared library C:\Users\Kavya\.jdks\openjdk-21.0.2\bin\java.dll
Event: 0.043 Loaded shared library C:\Users\Kavya\.jdks\openjdk-21.0.2\bin\jsvml.dll
Event: 0.078 Loaded shared library C:\Users\Kavya\.jdks\openjdk-21.0.2\bin\zip.dll
Event: 0.082 Loaded shared library C:\Users\Kavya\.jdks\openjdk-21.0.2\bin\instrument.dll
Event: 0.088 Loaded shared library C:\Users\Kavya\.jdks\openjdk-21.0.2\bin\net.dll
Event: 0.090 Loaded shared library C:\Users\Kavya\.jdks\openjdk-21.0.2\bin\nio.dll
Event: 0.095 Loaded shared library C:\Users\Kavya\.jdks\openjdk-21.0.2\bin\zip.dll
Event: 0.109 Loaded shared library C:\Program Files\JetBrains\IntelliJ IDEA Community Edition 2023.2.2\bin\breakgen64.dll
Event: 0.124 Loaded shared library C:\Users\Kavya\.jdks\openjdk-21.0.2\bin\extnet.dll
Event: 0.286 Loaded shared library C:\Users\Kavya\.jdks\openjdk-21.0.2\bin\jimage.dll
Event: 0.366 Loaded shared library C:\Users\Kavya\AppData\Local\Temp\jansi-2.4.0-43d20df3af604f44-jansi.dll
Event: 0.378 Loaded shared library C:\Users\Kavya\.jdks\openjdk-21.0.2\bin\verify.dll

Deoptimization events (20 events):
Event: 5.155 Thread 0x000001fdee14a670 Uncommon trap: trap_request=0xffffff45 fr.pc=0x000001fddc0f99b8 relative=0x00000000000005b8
Event: 5.155 Thread 0x000001fdee14a670 Uncommon trap: reason=unstable_if action=reinterpret pc=0x000001fddc0f99b8 method=java.lang.AbstractStringBuilder.inflateIfNeededFor(Ljava/lang/String;)V @ 14 c2
Event: 5.155 Thread 0x000001fdee14a670 DEOPT PACKING pc=0x000001fddc0f99b8 sp=0x0000007994cff210
Event: 5.156 Thread 0x000001fdee14a670 DEOPT UNPACKING pc=0x000001fddba87da2 sp=0x0000007994cff0c0 mode 2
Event: 5.156 Thread 0x000001fdee14a670 Uncommon trap: trap_request=0xffffff45 fr.pc=0x000001fddc109b64 relative=0x0000000000000304
Event: 5.156 Thread 0x000001fdee14a670 Uncommon trap: reason=unstable_if action=reinterpret pc=0x000001fddc109b64 method=java.lang.AbstractStringBuilder.inflateIfNeededFor(Ljava/lang/String;)V @ 14 c2
Event: 5.156 Thread 0x000001fdee14a670 DEOPT PACKING pc=0x000001fddc109b64 sp=0x0000007994cff1d0
Event: 5.156 Thread 0x000001fdee14a670 DEOPT UNPACKING pc=0x000001fddba87da2 sp=0x0000007994cff0c8 mode 2
Event: 5.156 Thread 0x000001fdee14a670 Uncommon trap: trap_request=0xffffff45 fr.pc=0x000001fddc003ab4 relative=0x0000000000000114
Event: 5.156 Thread 0x000001fdee14a670 Uncommon trap: reason=unstable_if action=reinterpret pc=0x000001fddc003ab4 method=java.lang.String.getBytes([BIB)V @ 5 c2
Event: 5.156 Thread 0x000001fdee14a670 DEOPT PACKING pc=0x000001fddc003ab4 sp=0x0000007994cff0f0
Event: 5.156 Thread 0x000001fdee14a670 DEOPT UNPACKING pc=0x000001fddba87da2 sp=0x0000007994cff0b8 mode 2
Event: 5.156 Thread 0x000001fdee14a670 Uncommon trap: trap_request=0xffffff45 fr.pc=0x000001fddc0bf320 relative=0x0000000000000560
Event: 5.156 Thread 0x000001fdee14a670 Uncommon trap: reason=unstable_if action=reinterpret pc=0x000001fddc0bf320 method=java.lang.String.<init>(Ljava/lang/AbstractStringBuilder;Ljava/lang/Void;)V @ 19 c2
Event: 5.156 Thread 0x000001fdee14a670 DEOPT PACKING pc=0x000001fddc0bf320 sp=0x0000007994cff230
Event: 5.156 Thread 0x000001fdee14a670 DEOPT UNPACKING pc=0x000001fddba87da2 sp=0x0000007994cff128 mode 2
Event: 5.156 Thread 0x000001fdee14a670 Uncommon trap: trap_request=0xffffff45 fr.pc=0x000001fddc1ae0e4 relative=0x00000000000000c4
Event: 5.156 Thread 0x000001fdee14a670 Uncommon trap: reason=unstable_if action=reinterpret pc=0x000001fddc1ae0e4 method=java.lang.String.codePointAt(I)I @ 4 c2
Event: 5.156 Thread 0x000001fdee14a670 DEOPT PACKING pc=0x000001fddc1ae0e4 sp=0x0000007994cff1b0
Event: 5.156 Thread 0x000001fdee14a670 DEOPT UNPACKING pc=0x000001fddba87da2 sp=0x0000007994cff138 mode 2

Classes loaded (20 events):
Event: 5.130 Loading class jdk/internal/logger/LoggerFinderLoader
Event: 5.130 Loading class jdk/internal/logger/LoggerFinderLoader done
Event: 5.131 Loading class jdk/internal/logger/LoggerFinderLoader$TemporaryLoggerFinder
Event: 5.131 Loading class jdk/internal/logger/LoggerFinderLoader$TemporaryLoggerFinder done
Event: 5.131 Loading class sun/util/logging/internal/LoggingProviderImpl$JULWrapper
Event: 5.131 Loading class sun/util/logging/PlatformLogger$ConfigurableBridge$LoggerConfiguration
Event: 5.131 Loading class sun/util/logging/PlatformLogger$ConfigurableBridge$LoggerConfiguration done
Event: 5.131 Loading class sun/util/logging/internal/LoggingProviderImpl$JULWrapper done
Event: 5.131 Loading class java/lang/System$Logger$Level
Event: 5.131 Loading class java/lang/System$Logger$Level done
Event: 5.132 Loading class java/nio/channels/ClosedChannelException
Event: 5.132 Loading class java/nio/channels/ClosedChannelException done
Event: 5.133 Loading class java/nio/channels/NonReadableChannelException
Event: 5.133 Loading class java/nio/channels/NonReadableChannelException done
Event: 5.134 Loading class java/nio/channels/NonWritableChannelException
Event: 5.134 Loading class java/nio/channels/NonWritableChannelException done
Event: 5.148 Loading class java/util/Scanner
Event: 5.150 Loading class java/util/Scanner done
Event: 5.152 Loading class java/util/Scanner$PatternLRUCache
Event: 5.152 Loading class java/util/Scanner$PatternLRUCache done

Classes unloaded (0 events):
No events

Classes redefined (0 events):
No events

Internal exceptions (20 events):
Event: 4.660 Thread 0x000001fdc9ef6440 Exception <a 'sun/nio/fs/WindowsException'{0x00000000891e2588}> (0x00000000891e2588) 
thrown [s\open\src\hotspot\share\prims\jni.cpp, line 520]
Event: 4.660 Thread 0x000001fdc9ef6440 Exception <a 'sun/nio/fs/WindowsException'{0x00000000891e2ee8}> (0x00000000891e2ee8) 
thrown [s\open\src\hotspot\share\prims\jni.cpp, line 520]
Event: 4.660 Thread 0x000001fdc9ef6440 Exception <a 'sun/nio/fs/WindowsException'{0x00000000891efbc0}> (0x00000000891efbc0) 
thrown [s\open\src\hotspot\share\prims\jni.cpp, line 520]
Event: 4.661 Thread 0x000001fdc9ef6440 Exception <a 'sun/nio/fs/WindowsException'{0x0000000089013ae8}> (0x0000000089013ae8) 
thrown [s\open\src\hotspot\share\prims\jni.cpp, line 520]
Event: 4.662 Thread 0x000001fdc9ef6440 Exception <a 'sun/nio/fs/WindowsException'{0x0000000089016960}> (0x0000000089016960) 
thrown [s\open\src\hotspot\share\prims\jni.cpp, line 520]
Event: 4.662 Thread 0x000001fdc9ef6440 Exception <a 'sun/nio/fs/WindowsException'{0x00000000890172e0}> (0x00000000890172e0) 
thrown [s\open\src\hotspot\share\prims\jni.cpp, line 520]
Event: 4.663 Thread 0x000001fdc9ef6440 Exception <a 'sun/nio/fs/WindowsException'{0x00000000890265c0}> (0x00000000890265c0) 
thrown [s\open\src\hotspot\share\prims\jni.cpp, line 520]
Event: 4.663 Thread 0x000001fdc9ef6440 Exception <a 'sun/nio/fs/WindowsException'{0x00000000890526a8}> (0x00000000890526a8) 
thrown [s\open\src\hotspot\share\prims\jni.cpp, line 520]
Event: 4.676 Thread 0x000001fdc9ef6440 Exception <a 'sun/nio/fs/WindowsException'{0x0000000088d35b40}> (0x0000000088d35b40) 
thrown [s\open\src\hotspot\share\prims\jni.cpp, line 520]
Event: 4.676 Thread 0x000001fdc9ef6440 Exception <a 'sun/nio/fs/WindowsException'{0x0000000088d36270}> (0x0000000088d36270) 
thrown [s\open\src\hotspot\share\prims\jni.cpp, line 520]
Event: 4.676 Thread 0x000001fdc9ef6440 Exception <a 'sun/nio/fs/WindowsException'{0x0000000088d36840}> (0x0000000088d36840) 
thrown [s\open\src\hotspot\share\prims\jni.cpp, line 520]
Event: 4.676 Thread 0x000001fdc9ef6440 Exception <a 'sun/nio/fs/WindowsException'{0x0000000088d36f40}> (0x0000000088d36f40) 
thrown [s\open\src\hotspot\share\prims\jni.cpp, line 520]
Event: 4.676 Thread 0x000001fdc9ef6440 Exception <a 'sun/nio/fs/WindowsException'{0x0000000088d37628}> (0x0000000088d37628) 
thrown [s\open\src\hotspot\share\prims\jni.cpp, line 520]
Event: 4.883 Thread 0x000001fde8941100 Exception <a 'java/lang/NoSuchMethodError'{0x0000000087cb6368}: 'java.lang.Object java.lang.invoke.DirectMethodHandle$Holder.invokeStatic(java.lang.Object, long, java.lang.Object)'> (0x0000000087cb6368) 
thrown [s\open\src\hotspot\share\interpreter\linkResolver.cpp, line 773]
Event: 4.884 Thread 0x000001fde8941100 Exception <a 'java/lang/NoSuchMethodError'{0x0000000087cb9840}: 'java.lang.Object java.lang.invoke.DirectMethodHandle$Holder.invokeStaticInit(java.lang.Object, long, java.lang.Object)'> (0x0000000087cb9840) 
thrown [s\open\src\hotspot\share\interpreter\linkResolver.cpp, line 773]
Event: 4.885 Thread 0x000001fde8941100 Exception <a 'java/lang/NoSuchMethodError'{0x0000000087cbec38}: 'java.lang.Object java.lang.invoke.DirectMethodHandle$Holder.newInvokeSpecial(java.lang.Object, long)'> (0x0000000087cbec38) 
thrown [s\open\src\hotspot\share\interpreter\linkResolver.cpp, line 773]
Event: 4.888 Thread 0x000001fde8941100 Exception <a 'java/lang/NoSuchMethodError'{0x0000000087cc33c0}: 'long java.lang.invoke.DirectMethodHandle$Holder.invokeInterface(java.lang.Object, java.lang.Object)'> (0x0000000087cc33c0) 
thrown [s\open\src\hotspot\share\interpreter\linkResolver.cpp, line 773]
Event: 4.888 Thread 0x000001fde8941100 Exception <a 'java/lang/NoSuchMethodError'{0x0000000087cc6878}: 'long java.lang.invoke.DelegatingMethodHandle$Holder.reinvoke_L(java.lang.Object, java.lang.Object)'> (0x0000000087cc6878) 
thrown [s\open\src\hotspot\share\interpreter\linkResolver.cpp, line 773]
Event: 4.934 Thread 0x000001fdc9ef6440 Exception <a 'java/lang/NoSuchMethodError'{0x0000000087959c90}: 'java.lang.Object java.lang.invoke.DirectMethodHandle$Holder.invokeStaticInit(java.lang.Object, java.lang.Object, int, int, int, int)'> (0x0000000087959c90) 
thrown [s\open\src\hotspot\share\interpreter\linkResolver.cpp, line 773]
Event: 5.126 Thread 0x000001fdc9ef6440 Exception <a 'java/lang/NoSuchMethodError'{0x0000000086f5d928}: 'void java.lang.invoke.DirectMethodHandle$Holder.invokeStatic(java.lang.Object, long)'> (0x0000000086f5d928) 
thrown [s\open\src\hotspot\share\interpreter\linkResolver.cpp, line 773]

ZGC Phase Switch (0 events):
No events

VM Operations (20 events):
Event: 4.572 Executing VM operation: G1CollectForAllocation (G1 Evacuation Pause)
Event: 4.588 Executing VM operation: G1CollectForAllocation (G1 Evacuation Pause) done
Event: 4.787 Executing VM operation: ICBufferFull
Event: 4.787 Executing VM operation: ICBufferFull done
Event: 4.864 Executing VM operation: HandshakeAllThreads (Deoptimize)
Event: 4.864 Executing VM operation: HandshakeAllThreads (Deoptimize) done
Event: 4.891 Executing VM operation: HandshakeAllThreads (Deoptimize)
Event: 4.891 Executing VM operation: HandshakeAllThreads (Deoptimize) done
Event: 5.041 Executing VM operation: HandshakeAllThreads (Deoptimize)
Event: 5.041 Executing VM operation: HandshakeAllThreads (Deoptimize) done
Event: 5.049 Executing VM operation: HandshakeAllThreads (Deoptimize)
Event: 5.049 Executing VM operation: HandshakeAllThreads (Deoptimize) done
Event: 5.064 Executing VM operation: HandshakeAllThreads (Deoptimize)
Event: 5.064 Executing VM operation: HandshakeAllThreads (Deoptimize) done
Event: 5.066 Executing VM operation: HandshakeAllThreads (Deoptimize)
Event: 5.066 Executing VM operation: HandshakeAllThreads (Deoptimize) done
Event: 5.129 Executing VM operation: HandshakeAllThreads (Deoptimize)
Event: 5.129 Executing VM operation: HandshakeAllThreads (Deoptimize) done
Event: 6.139 Executing VM operation: Cleanup
Event: 6.139 Executing VM operation: Cleanup done

Events (20 events):
Event: 0.040 Thread 0x000001fde893b1b0 Thread added: 0x000001fde893b1b0
Event: 0.041 Thread 0x000001fde8940a70 Thread added: 0x000001fde8940a70
Event: 0.041 Thread 0x000001fde89403e0 Thread added: 0x000001fde89403e0
Event: 0.041 Thread 0x000001fde893f6c0 Thread added: 0x000001fde893f6c0
Event: 0.041 Thread 0x000001fde895ced0 Thread added: 0x000001fde895ced0
Event: 0.041 Thread 0x000001fde895d580 Thread added: 0x000001fde895d580
Event: 0.060 Thread 0x000001fde893fd50 Thread added: 0x000001fde893fd50
Event: 0.111 Thread 0x000001fde893dc80 Thread added: 0x000001fde893dc80
Event: 0.111 Thread 0x000001fde893f030 Thread added: 0x000001fde893f030
Event: 0.159 Thread 0x000001fde8d76530 Thread added: 0x000001fde8d76530
Event: 3.304 Thread 0x000001fde8d76530 Thread exited: 0x000001fde8d76530
Event: 3.826 Thread 0x000001fdeec7c770 Thread added: 0x000001fdeec7c770
Event: 4.868 Thread 0x000001fde8941100 Thread added: 0x000001fde8941100
Event: 4.889 Thread 0x000001fde8941100 Thread exited: 0x000001fde8941100
Event: 5.002 Thread 0x000001fde8941100 Thread added: 0x000001fde8941100
Event: 5.006 Thread 0x000001fde893e9a0 Thread added: 0x000001fde893e9a0
Event: 5.094 Thread 0x000001fde893e310 Thread added: 0x000001fde893e310
Event: 5.148 Thread 0x000001fdee14a670 Thread added: 0x000001fdee14a670
Event: 5.148 Thread 0x000001fdee149fe0 Thread added: 0x000001fdee149fe0
Event: 5.159 Thread 0x000001fdee14ad00 Thread added: 0x000001fdee14ad00


Dynamic libraries:
0x00007ff657fa0000 - 0x00007ff657fae000 	C:\Users\Kavya\.jdks\openjdk-21.0.2\bin\java.exe
0x00007ffa480a0000 - 0x00007ffa48306000 	C:\WINDOWS\SYSTEM32\ntdll.dll
0x00007ffa47b90000 - 0x00007ffa47c59000 	C:\WINDOWS\System32\KERNEL32.DLL
0x00007ffa452b0000 - 0x00007ffa456af000 	C:\WINDOWS\System32\KERNELBASE.dll
0x00007ffa45780000 - 0x00007ffa458cc000 	C:\WINDOWS\System32\ucrtbase.dll
0x00007ffa246f0000 - 0x00007ffa24708000 	C:\Users\Kavya\.jdks\openjdk-21.0.2\bin\jli.dll
0x00007ffa204b0000 - 0x00007ffa204cb000 	C:\Users\Kavya\.jdks\openjdk-21.0.2\bin\VCRUNTIME140.dll
0x00007ffa479c0000 - 0x00007ffa47b86000 	C:\WINDOWS\System32\USER32.dll
0x00007ffa45cf0000 - 0x00007ffa45d17000 	C:\WINDOWS\System32\win32u.dll
0x00007ffa2e9d0000 - 0x00007ffa2ec61000 	C:\WINDOWS\WinSxS\amd64_microsoft.windows.common-controls_6595b64144ccf1df_6.0.26100.8972_none_3e0da176e32f9d4b\COMCTL32.dll
0x00007ffa45f70000 - 0x00007ffa46019000 	C:\WINDOWS\System32\msvcrt.dll
0x00007ffa46fb0000 - 0x00007ffa46fdb000 	C:\WINDOWS\System32\GDI32.dll
0x00007ffa459a0000 - 0x00007ffa45ac9000 	C:\WINDOWS\System32\gdi32full.dll
0x00007ffa45d20000 - 0x00007ffa45dc3000 	C:\WINDOWS\System32\msvcp_win.dll
0x00007ffa47810000 - 0x00007ffa47842000 	C:\WINDOWS\System32\IMM32.DLL
0x00007ffa41be0000 - 0x00007ffa41bec000 	C:\Users\Kavya\.jdks\openjdk-21.0.2\bin\vcruntime140_1.dll
0x00007ffa02180000 - 0x00007ffa0220e000 	C:\Users\Kavya\.jdks\openjdk-21.0.2\bin\msvcp140.dll
0x00007ff989490000 - 0x00007ff98a1a7000 	C:\Users\Kavya\.jdks\openjdk-21.0.2\bin\server\jvm.dll
0x00007ffa47f10000 - 0x00007ffa47fcc000 	C:\WINDOWS\System32\ADVAPI32.dll
0x00007ffa46aa0000 - 0x00007ffa46b4a000 	C:\WINDOWS\System32\sechost.dll
0x00007ffa47650000 - 0x00007ffa47768000 	C:\WINDOWS\System32\RPCRT4.dll
0x00007ffa47770000 - 0x00007ffa477f2000 	C:\WINDOWS\System32\WS2_32.dll
0x00007ffa45110000 - 0x00007ffa4516e000 	C:\WINDOWS\SYSTEM32\POWRPROF.dll
0x00007ffa3d060000 - 0x00007ffa3d096000 	C:\WINDOWS\SYSTEM32\WINMM.dll
0x00007ffa35d60000 - 0x00007ffa35d6b000 	C:\WINDOWS\SYSTEM32\VERSION.dll
0x00007ffa450f0000 - 0x00007ffa45105000 	C:\WINDOWS\SYSTEM32\UMPDC.dll
0x00007ffa43fa0000 - 0x00007ffa43fbb000 	C:\WINDOWS\SYSTEM32\kernel.appcore.dll
0x00007ffa37030000 - 0x00007ffa3703a000 	C:\Users\Kavya\.jdks\openjdk-21.0.2\bin\jimage.dll
0x00007ffa424a0000 - 0x00007ffa426e2000 	C:\WINDOWS\SYSTEM32\DBGHELP.DLL
0x00007ffa46c20000 - 0x00007ffa46fa5000 	C:\WINDOWS\System32\combase.dll
0x00007ffa470e0000 - 0x00007ffa471b9000 	C:\WINDOWS\System32\OLEAUT32.dll
0x00007ffa2bfd0000 - 0x00007ffa2c00b000 	C:\WINDOWS\SYSTEM32\dbgcore.DLL
0x00007ffa456c0000 - 0x00007ffa4576c000 	C:\WINDOWS\System32\bcryptPrimitives.dll
0x00007ffa35560000 - 0x00007ffa3556f000 	C:\Users\Kavya\.jdks\openjdk-21.0.2\bin\instrument.dll
0x00007ffa1f040000 - 0x00007ffa1f05f000 	C:\Users\Kavya\.jdks\openjdk-21.0.2\bin\java.dll
0x00007ffa46130000 - 0x00007ffa468b8000 	C:\WINDOWS\System32\SHELL32.dll
0x00007ffa42d40000 - 0x00007ffa435db000 	C:\WINDOWS\SYSTEM32\windows.storage.dll
0x00007ffa46030000 - 0x00007ffa46129000 	C:\WINDOWS\System32\SHCORE.dll
0x00007ffa46a30000 - 0x00007ffa46a96000 	C:\WINDOWS\System32\shlwapi.dll
0x00007ffa451d0000 - 0x00007ffa451f9000 	C:\WINDOWS\SYSTEM32\profapi.dll
0x00007ff9d7b30000 - 0x00007ff9d7c07000 	C:\Users\Kavya\.jdks\openjdk-21.0.2\bin\jsvml.dll
0x00007ffa173d0000 - 0x00007ffa173e8000 	C:\Users\Kavya\.jdks\openjdk-21.0.2\bin\zip.dll
0x00007ffa325a0000 - 0x00007ffa325b0000 	C:\Users\Kavya\.jdks\openjdk-21.0.2\bin\net.dll
0x00007ffa3d0a0000 - 0x00007ffa3d1c8000 	C:\WINDOWS\SYSTEM32\WINHTTP.dll
0x00007ffa44550000 - 0x00007ffa445bc000 	C:\WINDOWS\system32\mswsock.dll
0x00007ffa18440000 - 0x00007ffa18456000 	C:\Users\Kavya\.jdks\openjdk-21.0.2\bin\nio.dll
0x00007ffa12790000 - 0x00007ffa127aa000 	C:\Program Files\JetBrains\IntelliJ IDEA Community Edition 2023.2.2\bin\breakgen64.dll
0x00007ffa29d80000 - 0x00007ffa29d89000 	C:\Users\Kavya\.jdks\openjdk-21.0.2\bin\extnet.dll
0x0000000069ac0000 - 0x0000000069ae4000 	C:\Users\Kavya\AppData\Local\Temp\jansi-2.4.0-43d20df3af604f44-jansi.dll
0x00007ffa29cf0000 - 0x00007ffa29d00000 	C:\Users\Kavya\.jdks\openjdk-21.0.2\bin\verify.dll
0x00007ffa44840000 - 0x00007ffa4485b000 	C:\WINDOWS\SYSTEM32\CRYPTSP.dll
0x00007ffa43f00000 - 0x00007ffa43f39000 	C:\WINDOWS\system32\rsaenh.dll
0x00007ffa44600000 - 0x00007ffa44632000 	C:\WINDOWS\SYSTEM32\USERENV.dll
0x00007ffa451a0000 - 0x00007ffa451ca000 	C:\WINDOWS\SYSTEM32\bcrypt.dll
0x00007ffa44860000 - 0x00007ffa4486c000 	C:\WINDOWS\SYSTEM32\CRYPTBASE.dll
0x00007ffa43980000 - 0x00007ffa439b3000 	C:\WINDOWS\SYSTEM32\IPHLPAPI.DLL
0x00007ffa46020000 - 0x00007ffa4602a000 	C:\WINDOWS\System32\NSI.dll

dbghelp: loaded successfully - version: 4.0.5 - missing functions: none
symbol engine: initialized successfully - sym options: 0x614 - pdb path: .;C:\Users\Kavya\.jdks\openjdk-21.0.2\bin;C:\WINDOWS\SYSTEM32;C:\WINDOWS\WinSxS\amd64_microsoft.windows.common-controls_6595b64144ccf1df_6.0.26100.8972_none_3e0da176e32f9d4b;C:\Users\Kavya\.jdks\openjdk-21.0.2\bin\server;C:\Program Files\JetBrains\IntelliJ IDEA Community Edition 2023.2.2\bin;C:\Users\Kavya\AppData\Local\Temp

VM Arguments:
jvm_args: -Dmaven.multiModuleProjectDirectory=C:\Users\Kavya\Downloads\CI-CD\CI-CD -Djansi.passthrough=true -Dmaven.home=C:\Program Files\JetBrains\IntelliJ IDEA Community Edition 2023.2.2\plugins\maven\lib\maven3 -Dclassworlds.conf=C:\Program Files\JetBrains\IntelliJ IDEA Community Edition 2023.2.2\plugins\maven\lib\maven3\bin\m2.conf -Dmaven.ext.class.path=C:\Program Files\JetBrains\IntelliJ IDEA Community Edition 2023.2.2\plugins\maven\lib\maven-event-listener.jar -javaagent:C:\Program Files\JetBrains\IntelliJ IDEA Community Edition 2023.2.2\lib\idea_rt.jar=54094:C:\Program Files\JetBrains\IntelliJ IDEA Community Edition 2023.2.2\bin -Dfile.encoding=UTF-8 -Dsun.stdout.encoding=UTF-8 -Dsun.stderr.encoding=UTF-8 
java_command: org.codehaus.classworlds.Launcher -Didea.version=2023.2.2 package
java_class_path (initial): C:\Program Files\JetBrains\IntelliJ IDEA Community Edition 2023.2.2\plugins\maven\lib\maven3\boot\plexus-classworlds-2.7.0.jar;C:\Program Files\JetBrains\IntelliJ IDEA Community Edition 2023.2.2\plugins\maven\lib\maven3\boot\plexus-classworlds.license
Launcher Type: SUN_STANDARD

[Global flags]
     intx CICompilerCount                          = 4                                         {product} {ergonomic}
     uint ConcGCThreads                            = 2                                         {product} {ergonomic}
     uint G1ConcRefinementThreads                  = 8                                         {product} {ergonomic}
   size_t G1HeapRegionSize                         = 1048576                                   {product} {ergonomic}
    uintx GCDrainStackTargetSize                   = 64                                        {product} {ergonomic}
   size_t InitialHeapSize                          = 130023424                                 {product} {ergonomic}
   size_t MarkStackSize                            = 4194304                                   {product} {ergonomic}
   size_t MaxHeapSize                              = 2078277632                                {product} {ergonomic}
   size_t MaxNewSize                               = 1246756864                                {product} {ergonomic}
   size_t MinHeapDeltaBytes                        = 1048576                                   {product} {ergonomic}
   size_t MinHeapSize                              = 8388608                                   {product} {ergonomic}
    uintx NonNMethodCodeHeapSize                   = 5839372                                {pd product} {ergonomic}
    uintx NonProfiledCodeHeapSize                  = 122909434                              {pd product} {ergonomic}
    uintx ProfiledCodeHeapSize                     = 122909434                              {pd product} {ergonomic}
    uintx ReservedCodeCacheSize                    = 251658240                              {pd product} {ergonomic}
     bool SegmentedCodeCache                       = true                                      {product} {ergonomic}
   size_t SoftMaxHeapSize                          = 2078277632                             {manageable} {ergonomic}
     bool UseCompressedOops                        = true                           {product lp64_product} {ergonomic}
     bool UseG1GC                                  = true                                      {product} {ergonomic}
     bool UseLargePagesIndividualAllocation        = false                                  {pd product} {ergonomic}

Logging:
Log output configuration:
 #0: stdout all=warning uptime,level,tags foldmultilines=false
 #1: stderr all=off uptime,level,tags foldmultilines=false

Environment Variables:
JAVA_HOME=C:\Program Files\Android\Android Studio1\jbr
PATH=C:\Users\Kavya\Scripts\;C:\Users\Kavya\;C:\Program Files\Common Files\Oracle\Java\javapath;C:\WINDOWS\system32;C:\WINDOWS;C:\WINDOWS\System32\Wbem;C:\WINDOWS\System32\WindowsPowerShell\v1.0\;C:\WINDOWS\System32\OpenSSH\;C:\Program Files\dotnet\;C:\MinGW\bin;C:\Program Files\Git\cmd;C:\Program Files\Git\mingw64\bin;C:\Program Files\Git\usr\bin;C:\Program Files\nodejs\;C:\Users\Kavya\AppData\Local\Android\Sdk\platform-tools;C:\Users\Kavya\AppData\Local\Android\Sdk\tools;C:\Program Files\Android\Android Studio1\jbr\bin;C:\Program Files\MySQL\MySQL Shell 8.0\bin\;C:\Users\Kavya\AppData\Local\Programs\Python\Python314\Scripts\;C:\Users\Kavya\AppData\Local\Programs\Python\Python314\;C:\Users\Kavya\AppData\Local\Microsoft\WindowsApps;C:\Program Files\JetBrains\IntelliJ IDEA Community Edition 2023.3.4\bin;;C:\Users\Kavya\AppData\Local\Programs\Microsoft VS Code\bin;C:\Users\Kavya\AppData\Local\GitHubDesktop\bin;C:\ProgramData\Kavya\GitHubDesktop\bin;C:\Users\Kavya\AppData\Roaming\npm;C:\Users\Kavya\AppData\Local\Programs\Antigravity IDE\bin;C:\Users\Kavya\AppData\Local\Programs\DockerDesktop\resources\bin
USERNAME=Kavya
OS=Windows_NT
PROCESSOR_IDENTIFIER=Intel64 Family 6 Model 140 Stepping 1, GenuineIntel
TMP=C:\Users\Kavya\AppData\Local\Temp
TEMP=C:\Users\Kavya\AppData\Local\Temp




Periodic native trim disabled

---------------  S Y S T E M  ---------------

OS:
 Windows 11 , 64 bit Build 26100 (10.0.26100.9168)
OS uptime: 12 days 0:19 hours
Hyper-V role detected

CPU: total 8 (initial active 8) (4 cores per cpu, 2 threads per core) family 6 model 140 stepping 1 microcode 0xbe, cx8, cmov, fxsr, ht, mmx, 3dnowpref, sse, sse2, sse3, ssse3, sse4.1, sse4.2, popcnt, lzcnt, tsc, tscinvbit, avx, avx2, aes, erms, clmul, bmi1, bmi2, adx, avx512f, avx512dq, avx512cd, avx512bw, avx512vl, sha, fma, vzeroupper, avx512_vpopcntdq, avx512_vpclmulqdq, avx512_vaes, avx512_vnni, clflush, clflushopt, clwb, avx512_vbmi2, avx512_vbmi, hv, rdtscp, rdpid, fsrm, gfni, avx512_bitalg, f16c, cet_ibt, cet_ss, avx512_ifma
Processor Information for all 8 processors :
  Max Mhz: 2419, Current Mhz: 2419, Mhz Limit: 2419

Memory: 4k page, system-wide physical 7926M (426M free)
TotalPageFile size 32502M (AvailPageFile size 10M)
current process WorkingSet (physical memory assigned to process): 259M, peak: 269M
current process commit charge ("private bytes"): 292M, peak: 301M

vm_info: OpenJDK 64-Bit Server VM (21.0.2+13-58) for windows-amd64 JRE (21.0.2+13-58), built on 2024-01-05T18:32:24Z by "mach5one" with MS VC++ 17.1 (VS2022)

END.
