#
# There is insufficient memory for the Java Runtime Environment to continue.
# Native memory allocation (mmap) failed to map 130023424 bytes for G1 virtual space
# Possible reasons:
#   The system is out of physical RAM or swap space
#   The process is running with CompressedOops enabled, and the Java Heap may be blocking the growth of the native heap
# Possible solutions:
#   Reduce memory load on the system
#   Increase physical memory or swap space
#   Check if swap backing store is full
#   Decrease Java heap size (-Xmx/-Xms)
#   Decrease number of Java threads
#   Decrease Java thread stack sizes (-Xss)
#   Set larger code cache with -XX:ReservedCodeCacheSize=
#   JVM is running with Unscaled Compressed Oops mode in which the Java heap is
#     placed in the first 4GB address space. The Java Heap base address is the
#     maximum limit for the native heap growth. Please use -XX:HeapBaseMinAddress
#     to set the Java Heap base and to place the Java Heap above 4GB virtual address.
# This output file may be truncated or incomplete.
#
#  Out of Memory Error (os_windows.cpp:3600), pid=18732, tid=27768
#
# JRE version:  (21.0.2+13) (build )
# Java VM: OpenJDK 64-Bit Server VM (21.0.2+13-58, mixed mode, sharing, tiered, compressed oops, compressed class ptrs, g1 gc, windows-amd64)
# No core dump will be written. Minidumps are not enabled by default on client versions of Windows
#

---------------  S U M M A R Y ------------

Command Line: -Dnet.bytebuddy.agent.attacher.dump= net.bytebuddy.agent.Attacher com.sun.tools.attach.VirtualMachine 24456 C:\Users\Kavya\.m2\repository\net\bytebuddy\byte-buddy-agent\1.18.11\byte-buddy-agent-1.18.11.jar false 

Host: 11th Gen Intel(R) Core(TM) i5-1135G7 @ 2.40GHz, 8 cores, 7G,  Windows 11 , 64 bit Build 26100 (10.0.26100.9168)
Time: Fri Sep  4 20:16:57 2026 India Standard Time elapsed time: 3.032308 seconds (0d 0h 0m 3s)

---------------  T H R E A D  ---------------

Current thread (0x000001957060df30):  JavaThread "Unknown thread" [_thread_in_vm, id=27768, stack(0x0000001f5f100000,0x0000001f5f200000) (1024K)]

Stack: [0x0000001f5f100000,0x0000001f5f200000]
Native frames: (J=compiled Java code, j=interpreted, Vv=VM code, C=native code)
V  [jvm.dll+0x6cade9]
V  [jvm.dll+0x8569c1]
V  [jvm.dll+0x858d2e]
V  [jvm.dll+0x859413]
V  [jvm.dll+0x280e56]
V  [jvm.dll+0x6c74d5]
V  [jvm.dll+0x6bbeca]
V  [jvm.dll+0x355bca]
V  [jvm.dll+0x35d816]
V  [jvm.dll+0x3ae67e]
V  [jvm.dll+0x3ae928]
V  [jvm.dll+0x3295dc]
V  [jvm.dll+0x32a16b]
V  [jvm.dll+0x81efa9]
V  [jvm.dll+0x3bba01]
V  [jvm.dll+0x807928]
V  [jvm.dll+0x44f50e]
V  [jvm.dll+0x450e11]
C  [jli.dll+0x52a3]
C  [ucrtbase.dll+0x2cd30]
C  [KERNEL32.DLL+0x2ccb7]
C  [ntdll.dll+0xaad6c]


---------------  P R O C E S S  ---------------

Threads class SMR info:
_java_thread_list=0x00007ff98a05bb88, length=0, elements={
}

Java Threads: ( => current thread )
Total: 0

Other Threads:
  0x0000019570b99c80 WorkerThread "GC Thread#0"                     [id=25224, stack(0x0000001f5f200000,0x0000001f5f300000) (1024K)]
  0x0000019570baa420 ConcurrentGCThread "G1 Main Marker"            [id=22500, stack(0x0000001f5f300000,0x0000001f5f400000) (1024K)]
  0x0000019570badcb0 WorkerThread "G1 Conc#0"                       [id=5980, stack(0x0000001f5f400000,0x0000001f5f500000) (1024K)]

[error occurred during error reporting (printing all threads), id 0xc0000005, EXCEPTION_ACCESS_VIOLATION (0xc0000005) at pc=0x00007ff9897cc6a7]
VM state: not at safepoint (not fully initialized)

VM Mutex/Monitor currently owned by a thread:  ([mutex/lock_event])
[0x00007ff98a0cce68] Heap_lock - owner thread: 0x000001957060df30

Heap address: 0x0000000084200000, size: 1982 MB, Compressed Oops mode: 32-bit

CDS archive(s) mapped at: [0x0000000000000000-0x0000000000000000-0x0000000000000000), size 0, SharedBaseAddress: 0x0000000800000000, ArchiveRelocationMode: 1.
Narrow klass base: 0x0000000000000000, Narrow klass shift: 0, Narrow klass range: 0x0

GC Precious Log:
 CardTable entry size: 512
 Card Set container configuration: InlinePtr #cards 5 size 8 Array Of Cards #cards 12 size 40 Howl #buckets 4 coarsen threshold 1843 Howl Bitmap #cards 512 size 80 coarsen threshold 460 Card regions per heap region 1 cards per card region 2048

Heap:
 garbage-first heap   total 0K, used 0K [0x0000000084200000, 0x0000000100000000)
  region size 1024K, 0 young (0K), 0 survivors (0K)

[error occurred during error reporting (printing heap information), id 0xc0000005, EXCEPTION_ACCESS_VIOLATION (0xc0000005) at pc=0x00007ff989bb39f9]
GC Heap History (0 events):
No events

Dll operation events (1 events):
Event: 0.008 Loaded shared library C:\Users\Kavya\.jdks\openjdk-21.0.2\bin\java.dll

Deoptimization events (0 events):
No events

Classes loaded (0 events):
No events

Classes unloaded (0 events):
No events

Classes redefined (0 events):
No events

Internal exceptions (0 events):
No events

ZGC Phase Switch (0 events):
No events

VM Operations (0 events):
No events

Events (0 events):
No events


Dynamic libraries:
0x00007ff657fa0000 - 0x00007ff657fae000 	C:\Users\Kavya\.jdks\openjdk-21.0.2\bin\java.exe
0x00007ffa480a0000 - 0x00007ffa48306000 	C:\WINDOWS\SYSTEM32\ntdll.dll
0x00007ffa47b90000 - 0x00007ffa47c59000 	C:\WINDOWS\System32\KERNEL32.DLL
0x00007ffa452b0000 - 0x00007ffa456af000 	C:\WINDOWS\System32\KERNELBASE.dll
0x00007ffa45780000 - 0x00007ffa458cc000 	C:\WINDOWS\System32\ucrtbase.dll
0x00007ffa246f0000 - 0x00007ffa24708000 	C:\Users\Kavya\.jdks\openjdk-21.0.2\bin\jli.dll
0x00007ffa204b0000 - 0x00007ffa204cb000 	C:\Users\Kavya\.jdks\openjdk-21.0.2\bin\VCRUNTIME140.dll
0x00007ffa479c0000 - 0x00007ffa47b86000 	C:\WINDOWS\System32\USER32.dll
0x00007ffa2e9d0000 - 0x00007ffa2ec61000 	C:\WINDOWS\WinSxS\amd64_microsoft.windows.common-controls_6595b64144ccf1df_6.0.26100.8972_none_3e0da176e32f9d4b\COMCTL32.dll
0x00007ffa45cf0000 - 0x00007ffa45d17000 	C:\WINDOWS\System32\win32u.dll
0x00007ffa45f70000 - 0x00007ffa46019000 	C:\WINDOWS\System32\msvcrt.dll
0x00007ffa46fb0000 - 0x00007ffa46fdb000 	C:\WINDOWS\System32\GDI32.dll
0x00007ffa459a0000 - 0x00007ffa45ac9000 	C:\WINDOWS\System32\gdi32full.dll
0x00007ffa45d20000 - 0x00007ffa45dc3000 	C:\WINDOWS\System32\msvcp_win.dll
0x00007ffa47810000 - 0x00007ffa47842000 	C:\WINDOWS\System32\IMM32.DLL
0x00007ffa41be0000 - 0x00007ffa41bec000 	C:\Users\Kavya\.jdks\openjdk-21.0.2\bin\vcruntime140_1.dll
0x00007ffa02180000 - 0x00007ffa0220e000 	C:\Users\Kavya\.jdks\openjdk-21.0.2\bin\msvcp140.dll
0x00007ff989490000 - 0x00007ff98a1a7000 	C:\Users\Kavya\.jdks\openjdk-21.0.2\bin\server\jvm.dll
0x00007ffa47f10000 - 0x00007ffa47fcc000 	C:\WINDOWS\System32\ADVAPI32.dll
0x00007ffa46aa0000 - 0x00007ffa46b4a000 	C:\WINDOWS\System32\sechost.dll
0x00007ffa47650000 - 0x00007ffa47768000 	C:\WINDOWS\System32\RPCRT4.dll
0x00007ffa47770000 - 0x00007ffa477f2000 	C:\WINDOWS\System32\WS2_32.dll
0x00007ffa45110000 - 0x00007ffa4516e000 	C:\WINDOWS\SYSTEM32\POWRPROF.dll
0x00007ffa35d60000 - 0x00007ffa35d6b000 	C:\WINDOWS\SYSTEM32\VERSION.dll
0x00007ffa3d060000 - 0x00007ffa3d096000 	C:\WINDOWS\SYSTEM32\WINMM.dll
0x00007ffa450f0000 - 0x00007ffa45105000 	C:\WINDOWS\SYSTEM32\UMPDC.dll
0x00007ffa43fa0000 - 0x00007ffa43fbb000 	C:\WINDOWS\SYSTEM32\kernel.appcore.dll
0x00007ffa37030000 - 0x00007ffa3703a000 	C:\Users\Kavya\.jdks\openjdk-21.0.2\bin\jimage.dll
0x00007ffa424a0000 - 0x00007ffa426e2000 	C:\WINDOWS\SYSTEM32\DBGHELP.DLL
0x00007ffa46c20000 - 0x00007ffa46fa5000 	C:\WINDOWS\System32\combase.dll
0x00007ffa470e0000 - 0x00007ffa471b9000 	C:\WINDOWS\System32\OLEAUT32.dll
0x00007ffa2bfd0000 - 0x00007ffa2c00b000 	C:\WINDOWS\SYSTEM32\dbgcore.DLL
0x00007ffa456c0000 - 0x00007ffa4576c000 	C:\WINDOWS\System32\bcryptPrimitives.dll
0x00007ffa1f040000 - 0x00007ffa1f05f000 	C:\Users\Kavya\.jdks\openjdk-21.0.2\bin\java.dll

dbghelp: loaded successfully - version: 4.0.5 - missing functions: none
symbol engine: initialized successfully - sym options: 0x614 - pdb path: .;C:\Users\Kavya\.jdks\openjdk-21.0.2\bin;C:\WINDOWS\SYSTEM32;C:\WINDOWS\WinSxS\amd64_microsoft.windows.common-controls_6595b64144ccf1df_6.0.26100.8972_none_3e0da176e32f9d4b;C:\Users\Kavya\.jdks\openjdk-21.0.2\bin\server

VM Arguments:
jvm_args: -Dnet.bytebuddy.agent.attacher.dump= 
java_command: net.bytebuddy.agent.Attacher com.sun.tools.attach.VirtualMachine 24456 C:\Users\Kavya\.m2\repository\net\bytebuddy\byte-buddy-agent\1.18.11\byte-buddy-agent-1.18.11.jar false 
java_class_path (initial): C:\Users\Kavya\.m2\repository\net\bytebuddy\byte-buddy-agent\1.18.11\byte-buddy-agent-1.18.11.jar
Launcher Type: SUN_STANDARD

[Global flags]
     intx CICompilerCount                          = 4                                         {product} {ergonomic}
     uint ConcGCThreads                            = 2                                         {product} {ergonomic}
     uint G1ConcRefinementThreads                  = 8                                         {product} {ergonomic}
   size_t G1HeapRegionSize                         = 1048576                                   {product} {ergonomic}
    uintx GCDrainStackTargetSize                   = 64                                        {product} {ergonomic}
   size_t InitialHeapSize                          = 130023424                                 {product} {ergonomic}
   size_t MarkStackSize                            = 4194304                                   {product} {ergonomic}
   size_t MaxHeapSize                              = 2078277632                                {product} {ergonomic}
   size_t MinHeapDeltaBytes                        = 1048576                                   {product} {ergonomic}
   size_t MinHeapSize                              = 8388608                                   {product} {ergonomic}
    uintx NonNMethodCodeHeapSize                   = 5839372                                {pd product} {ergonomic}
    uintx NonProfiledCodeHeapSize                  = 122909434                              {pd product} {ergonomic}
    uintx ProfiledCodeHeapSize                     = 122909434                              {pd product} {ergonomic}
    uintx ReservedCodeCacheSize                    = 251658240                              {pd product} {ergonomic}
     bool SegmentedCodeCache                       = true                                      {product} {ergonomic}
   size_t SoftMaxHeapSize                          = 2078277632                             {manageable} {ergonomic}
     bool UseCompressedOops                        = true                           {product lp64_product} {ergonomic}
     bool UseG1GC                                  = true                                      {product} {ergonomic}
     bool UseLargePagesIndividualAllocation        = false                                  {pd product} {ergonomic}

Logging:
Log output configuration:
 #0: stdout all=warning uptime,level,tags foldmultilines=false
 #1: stderr all=off uptime,level,tags foldmultilines=false

Environment Variables:
JAVA_HOME=C:\Program Files\Android\Android Studio1\jbr
PATH=C:\Users\Kavya\Scripts\;C:\Users\Kavya\;C:\Program Files\Common Files\Oracle\Java\javapath;C:\WINDOWS\system32;C:\WINDOWS;C:\WINDOWS\System32\Wbem;C:\WINDOWS\System32\WindowsPowerShell\v1.0\;C:\WINDOWS\System32\OpenSSH\;C:\Program Files\dotnet\;C:\MinGW\bin;C:\Program Files\Git\cmd;C:\Program Files\Git\mingw64\bin;C:\Program Files\Git\usr\bin;C:\Program Files\nodejs\;C:\Users\Kavya\AppData\Local\Android\Sdk\platform-tools;C:\Users\Kavya\AppData\Local\Android\Sdk\tools;C:\Program Files\Android\Android Studio1\jbr\bin;C:\Program Files\MySQL\MySQL Shell 8.0\bin\;C:\Users\Kavya\AppData\Local\Programs\Python\Python314\Scripts\;C:\Users\Kavya\AppData\Local\Programs\Python\Python314\;C:\Users\Kavya\AppData\Local\Microsoft\WindowsApps;C:\Program Files\JetBrains\IntelliJ IDEA Community Edition 2023.3.4\bin;;C:\Users\Kavya\AppData\Local\Programs\Microsoft VS Code\bin;C:\Users\Kavya\AppData\Local\GitHubDesktop\bin;C:\ProgramData\Kavya\GitHubDesktop\bin;C:\Users\Kavya\AppData\Roaming\npm;C:\Users\Kavya\AppData\Local\Programs\Antigravity IDE\bin;C:\Users\Kavya\AppData\Local\Programs\DockerDesktop\resources\bin
USERNAME=Kavya
OS=Windows_NT
PROCESSOR_IDENTIFIER=Intel64 Family 6 Model 140 Stepping 1, GenuineIntel
TMP=C:\Users\Kavya\AppData\Local\Temp
TEMP=C:\Users\Kavya\AppData\Local\Temp




Periodic native trim disabled

---------------  S Y S T E M  ---------------

OS:
 Windows 11 , 64 bit Build 26100 (10.0.26100.9168)
OS uptime: 12 days 0:24 hours
Hyper-V role detected

CPU: total 8 (initial active 8) (4 cores per cpu, 2 threads per core) family 6 model 140 stepping 1 microcode 0xbe, cx8, cmov, fxsr, ht, mmx, 3dnowpref, sse, sse2, sse3, ssse3, sse4.1, sse4.2, popcnt, lzcnt, tsc, tscinvbit, avx, avx2, aes, erms, clmul, bmi1, bmi2, adx, avx512f, avx512dq, avx512cd, avx512bw, avx512vl, sha, fma, vzeroupper, avx512_vpopcntdq, avx512_vpclmulqdq, avx512_vaes, avx512_vnni, clflush, clflushopt, clwb, avx512_vbmi2, avx512_vbmi, hv, rdtscp, rdpid, fsrm, gfni, avx512_bitalg, f16c, cet_ibt, cet_ss, avx512_ifma
Processor Information for all 8 processors :
  Max Mhz: 2419, Current Mhz: 2419, Mhz Limit: 2419

Memory: 4k page, system-wide physical 7926M (470M free)
TotalPageFile size 32502M (AvailPageFile size 22M)
current process WorkingSet (physical memory assigned to process): 12M, peak: 12M
current process commit charge ("private bytes"): 60M, peak: 184M

vm_info: OpenJDK 64-Bit Server VM (21.0.2+13-58) for windows-amd64 JRE (21.0.2+13-58), built on 2024-01-05T18:32:24Z by "mach5one" with MS VC++ 17.1 (VS2022)

END.
